<html>
<body>
<pre>
<h1>礦ision Build Log</h1>
<h2>Tool Versions:</h2>
IDE-Version: μVision V5.32.0.0
Copyright (C) 2020 ARM Ltd and ARM Germany GmbH. All rights reserved.
License Information: 1 DELL, 1, LIC=Z3C6R-KCXN2-XCSJ0-BE7A7-26WJC-UCQJ1
 
Tool Versions:
Toolchain:       MDK-ARM Professional  Version: 5.32.0.0
Toolchain Path:  D:\keil\ARM\ARMCC\Bin
C Compiler:      Armcc.exe V5.06 update 7 (build 960)
Assembler:       Armasm.exe V5.06 update 7 (build 960)
Linker/Locator:  ArmLink.exe V5.06 update 7 (build 960)
Library Manager: ArmAr.exe V5.06 update 7 (build 960)
Hex Converter:   FromElf.exe V5.06 update 7 (build 960)
CPU DLL:         SARMCM3.DLL V5.32.0.0
Dialog DLL:      DCM.DLL V1.17.3.0
Target DLL:      STLink\ST-LINKIII-KEIL_SWO.dll V3.0.8.0
Dialog DLL:      TCM.DLL V1.46.0.0
 
<h2>Project:</h2>
C:\Users\DELL\Desktop\IPC17-林子杰-c语言1\IPC17-林子杰-c语言1\STM32F407VE.uvprojx
Project File Date:  01/20/2024

<h2>Output:</h2>
*** Using Compiler 'V5.06 update 7 (build 960)', folder: 'D:\keil\ARM\ARMCC\Bin'
Rebuild target 'Target 1'
assembling startup_stm32f40_41xxx.s...
compiling stm32f4xx_adc.c...
compiling misc.c...
compiling stm32f4xx_can.c...
compiling stm32f4xx_crc.c...
compiling stm32f4xx_cec.c...
compiling stm32f4xx_cryp.c...
compiling stm32f4xx_dsi.c...
compiling stm32f4xx_dma.c...
compiling stm32f4xx_cryp_tdes.c...
compiling stm32f4xx_dcmi.c...
compiling stm32f4xx_dfsdm.c...
compiling stm32f4xx_dbgmcu.c...
compiling stm32f4xx_cryp_aes.c...
compiling stm32f4xx_dma2d.c...
compiling stm32f4xx_cryp_des.c...
compiling stm32f4xx_dac.c...
compiling stm32f4xx_flash_ramfunc.c...
compiling stm32f4xx_exti.c...
compiling stm32f4xx_flash.c...
compiling stm32f4xx_fmpi2c.c...
compiling stm32f4xx_fsmc.c...
compiling stm32f4xx_gpio.c...
compiling stm32f4xx_hash.c...
compiling stm32f4xx_hash_sha1.c...
compiling stm32f4xx_i2c.c...
compiling stm32f4xx_hash_md5.c...
compiling stm32f4xx_iwdg.c...
compiling stm32f4xx_lptim.c...
compiling stm32f4xx_qspi.c...
compiling stm32f4xx_pwr.c...
compiling stm32f4xx_ltdc.c...
compiling stm32f4xx_rcc.c...
compiling stm32f4xx_rng.c...
compiling stm32f4xx_sai.c...
compiling mui.c...
compiling stm32f4xx_rtc.c...
compiling stm32f4xx_sdio.c...
compiling mui_u8g2.c...
compiling stm32f4xx_spi.c...
compiling u8g2_bitmap.c...
compiling stm32f4xx_spdifrx.c...
compiling stm32f4xx_syscfg.c...
compiling stm32f4xx_tim.c...
compiling stm32f4xx_usart.c...
compiling delay.c...
compiling stm32f4xx_wwdg.c...
compiling stm32f4xx_it.c...
compiling u8g2_buffer.c...
compiling system_stm32f4xx.c...
compiling main.c...
user\main.c(62): warning:  #177-D: variable "led_level"  was declared but never referenced
      uint8_t led_level   = 0;
user\main.c(63): warning:  #177-D: variable "led_levels"  was declared but never referenced
      uint32_t led_levels = 0;
user\main.c(153): warning:  #1-D: last line of file ends without a newline
   */
user\main.c: 3 warnings, 0 errors
compiling u8g2_box.c...
compiling u8g2_button.c...
compiling u8g2_cleardisplay.c...
compiling u8g2_circle.c...
compiling u8g2_d_memory.c...
compiling u8g2_d_setup.c...
compiling u8g2_hvline.c...
compiling u8g2_fonts.c...
compiling u8g2_input_value.c...
compiling u8g2_intersection.c...
compiling u8g2_font.c...
compiling u8g2_kerning.c...
compiling u8g2_line.c...
compiling u8g2_ll_hvline.c...
compiling u8g2_message.c...
compiling u8g2_selection_list.c...
compiling u8log_u8x8.c...
compiling u8x8_capture.c...
compiling u8log.c...
compiling u8x8_8x8.c...
compiling u8g2_polygon.c...
compiling u8g2_setup.c...
compiling u8x8_byte.c...
compiling u8x8_cad.c...
compiling u8x8_d_ssd1306_128x64_noname.c...
compiling u8x8_debounce.c...
compiling u8log_u8g2.c...
compiling u8x8_display.c...
compiling u8x8_gpio.c...
compiling u8x8_input_value.c...
compiling u8x8_message.c...
compiling u8x8_fonts.c...
compiling u8x8_setup.c...
compiling u8x8_selection_list.c...
compiling u8x8_string.c...
compiling u8x8_u8toa.c...
compiling u8x8_u16toa.c...
compiling key.c...
compiling led.c...
system\hw\led.c(24): warning:  #111-D: statement is unreachable
  	led_c->set_level_arr(led_c,(led_bits)0x00);
system\hw\led.c(60): warning:  #1-D: last line of file ends without a newline
  	
system\hw\led.c: 2 warnings, 0 errors
compiling oled.c...
linking...
Program Size: Code=1984 RO-data=424 RW-data=4 ZI-data=1636  
".\Objects\STM32F407VE.axf" - 0 Error(s), 5 Warning(s).

<h2>Software Packages used:</h2>

Package Vendor: Keil
                http://www.keil.com/pack/Keil.STM32F4xx_DFP.2.13.0.pack
                Keil.STM32F4xx_DFP.2.13.0
                STMicroelectronics STM32F4 Series Device Support, Drivers and Examples

<h2>Collection of Component include folders:</h2>
  D:\keil\document\Keil\STM32F4xx_DFP\2.13.0\Drivers\CMSIS\Device\ST\STM32F4xx\Include

<h2>Collection of Component Files used:</h2>
Build Time Elapsed:  00:00:08
</pre>
</body>
</html>
